c[?7l[2J[0mSeaBIOS (version Arch Linux 1.17.0-1-1)


iPXE (http://ipxe.org) 00:03.0 C900 PCI2.10 PnP PMM+06FD40C0+06F340C0 C900
Press Ctrl-B to configure iPXE (PCI 00:03.0)...                                                                               


Booting from Hard Disk...
Loading...
MBR> Jumping to loader..